error: cannot specify both `creusot::builtins` and a contract on the same definition
 --> builtin_with_contract.rs:8:1
  |
8 | pub fn builtin_with_contract() {}
  | ^^^^^^^^^^^^^^^^^^^^^^^^^^^^^^

error: aborting due to 1 previous error

