error: Expected `f` to be a logic function as specified by the trait declaration
  --> logic_prophetic_impl.rs:12:5
   |
12 |     fn f() {
   |     ^^^^^^

error: aborting due to 1 previous error

