warning: variant will be ignored
 --> warn_unneeded_variant.rs:4:11
  |
4 | #[variant(x)]
  |           ^
  |
note: This function is not a logical function, and is not marked with `#[terminates]`.
 --> warn_unneeded_variant.rs:5:1
  |
5 | pub fn variant_is_not_checked(x: u32) {
  | ^^^^^^^^^^^^^^^^^^^^^^^^^^^^^^^^^^^^^

warning: 1 warning emitted

