error: used the `#[trusted]` attribute
 --> trusted_code.rs:6:1
  |
6 | #[trusted]
  | ^^^^^^^^^^
  |
note: the lint level is defined here
 --> trusted_code.rs:1:9
  |
1 | #![deny(creusot::trusted_code)]
  |         ^^^^^^^^^^^^^^^^^^^^^
  = note: this error originates in the attribute macro `trusted` (in Nightly builds, run with -Z macro-backtrace for more info)

error: used the `#[trusted]` attribute
  --> trusted_code.rs:12:1
   |
12 | #[trusted]
   | ^^^^^^^^^^
   |
   = note: this error originates in the attribute macro `trusted` (in Nightly builds, run with -Z macro-backtrace for more info)

error: aborting due to 2 previous errors

