warning: function cannot return without recursing
 --> 1204.rs:8:1
  |
8 | pub fn evil(x: Int) -> Int {
  | ^^^^^^^^^^^^^^^^^^^^^^^^^^ cannot return without recursing
9 |     evil(-x) + 1
  |     -------- recursive call site
  |
  = help: a `loop` may express intention better if this is on purpose
  = note: `#[warn(unconditional_recursion)]` on by default

warning: 1 warning emitted

