error[E0046]: not all trait items implemented, missing: `le`, `idemp`
  --> 1519.rs:42:1
   |
36 |       fn le(self, other: Self) -> bool;
   |       --------------------------------- `le` from trait
...
39 |       fn idemp(self) -> bool;
   |       ----------------------- `idemp` from trait
...
42 | / impl<T, U> RA for (T, U)
43 | | where
44 | |     T: RA,
45 | |     U: RA,
   | |__________^ missing `le`, `idemp` in implementation

error: aborting due to 1 previous error

For more information about this error, try `rustc --explain E0046`.
