error: Mutually recursive functions: when calling `<i32 as Tr>::f`...
  --> 1565.rs:11:5
   |
11 |     fn f(self) -> Int {
   |     ^^^^^^^^^^^^^^^^^
   |
note: then `<i32 as Tr>::f` might call `<i32 as Tr>::f` via the call to `g`.
  --> 1565.rs:12:9
   |
12 |         g()
   |         ^^^

error: aborting due to 1 previous error

