error: Mutually recursive functions: when calling `<A as creusot_contracts::model::DeepModel>::deep_model`...
  --> 459.rs:12:5
   |
12 |     fn deep_model(self) -> Self::DeepModelTy {
   |     ^^^^^^^^^^^^^^^^^^^^^^^^^^^^^^^^^^^^^^^^
   |
note: then `<A as creusot_contracts::model::DeepModel>::deep_model` might call `<A as creusot_contracts::model::DeepModel>::deep_model` via the call to `creusot_contracts::std::boxed::<impl creusot_contracts::model::DeepModel for std::boxed::Box<T, A>>::deep_model`.
  --> 459.rs:14:28
   |
14 |             A::Cons(a) => *a.deep_model() + 1,
   |                            ^^^^^^^^^^^^^^

error: aborting due to 1 previous error

