error[E0277]: the trait bound `S: creusot_contracts::prelude::IteratorSpec` is not satisfied
 --> 603.rs:7:5
  |
7 |     fn next(&mut self) -> Option<()> {
  |     ^^^^^^^^^^^^^^^^^^^^^^^^^^^^^^^^ unsatisfied trait bound
  |
help: the trait `creusot_contracts::prelude::IteratorSpec` is not implemented for `S`
 --> 603.rs:3:1
  |
3 | pub struct S();
  | ^^^^^^^^^^^^
  = help: the following other types implement trait `creusot_contracts::prelude::IteratorSpec`:
            &mut I
            creusot_contracts::logic::fmap::FMapIter<K, V>
            creusot_contracts::logic::fmap::FMapIterRef<'a, K, V>
            creusot_contracts::logic::seq::SeqIter<T>
            creusot_contracts::logic::seq::SeqIterRef<'a, T>
            creusot_contracts::std::iter::MapInv<I, <I as std::iter::Iterator>::Item, F>
            std::array::IntoIter<T, N>
            std::collections::hash_map::IntoIter<K, V>
          and 29 others

error: aborting due to 1 previous error

For more information about this error, try `rustc --explain E0277`.
