error: `#[check(terminates)]` function must not contain loops without variants.
 --> loops_in_terminates.rs:6:1
  |
6 | fn terminates_while_loop() {
  | ^^^^^^^^^^^^^^^^^^^^^^^^^^
7 |     #[allow(while_true)]
8 |     while true {}
  |     - help: Add a variant here: `#[variant(...)]`
  |
note: looping occurs here
 --> loops_in_terminates.rs:8:5
  |
8 |     while true {}
  |     ^^^^^^^^^^^^^

error: `#[check(terminates)]` function must not contain loops without variants.
  --> loops_in_terminates.rs:12:1
   |
12 | fn terminates_loop_loop() {
   | ^^^^^^^^^^^^^^^^^^^^^^^^^
13 |     loop {}
   |     - help: Add a variant here: `#[variant(...)]`
   |
note: looping occurs here
  --> loops_in_terminates.rs:13:5
   |
13 |     loop {}
   |     ^^^^^^^

error: aborting due to 2 previous errors

