error: Polymorphic recursion is not supported: recursive calls should have the same type parameters.
  --> recursion_with_substitution.rs:35:5
   |
35 |     foo(0)
   |     ^^^^^^

error: aborting due to 1 previous error

