warning: calling external function `new` with no contract will yield an impossible precondition
  --> hash_map.rs:19:14
   |
19 |         Self(HashMap::new())
   |              ^^^^^^^^^^^^^^ function called here
   |
   = note: `#[warn(creusot::contractless_external_function)]` on by default

warning: calling external function `entry` with no contract will yield an impossible precondition
  --> hash_map.rs:24:10
   |
24 |         *self.0.entry(num).or_insert(bar) = bar;
   |          ^^^^^^^^^^^^^^^^^ function called here

warning: calling external function `or_insert` with no contract will yield an impossible precondition
  --> hash_map.rs:24:10
   |
24 |         *self.0.entry(num).or_insert(bar) = bar;
   |          ^^^^^^^^^^^^^^^^^^^^^^^^^^^^^^^^ function called here

warning: 3 warnings emitted

